10:17:57 **** Incremental Build of configuration Debug for project Coop ****
make -j12 all 
arm-none-eabi-gcc "../Core/Src/task.c" -mcpu=cortex-m3 -std=gnu11 -g3 -DDEBUG -DUSE_HAL_DRIVER -DSTM32F103x6 -c -I../Core/Inc -I../Drivers/STM32F1xx_HAL_Driver/Inc/Legacy -I../Drivers/STM32F1xx_HAL_Driver/Inc -I../Drivers/CMSIS/Device/ST/STM32F1xx/Include -I../Drivers/CMSIS/Include -O0 -ffunction-sections -fdata-sections -Wall -fstack-usage -MMD -MP -MF"Core/Src/task.d" -MT"Core/Src/task.o" --specs=nano.specs -mfloat-abi=soft -mthumb -o "Core/Src/task.o"
arm-none-eabi-gcc -o "Coop.elf" @"objects.list"   -mcpu=cortex-m3 -T"C:\Users\Admin\Desktop\Coop\STM32F103C6UX_FLASH.ld" --specs=nosys.specs -Wl,-Map="Coop.map" -Wl,--gc-sections -static --specs=nano.specs -mfloat-abi=soft -mthumb -Wl,--start-group -lc -lm -Wl,--end-group
Finished building target: Coop.elf
 
arm-none-eabi-size   Coop.elf 
arm-none-eabi-objdump -h -S  Coop.elf  > "Coop.list"
   text	   data	    bss	    dec	    hex	filename
   7072	     20	   2444	   9536	   2540	Coop.elf
Finished building: default.size.stdout
 
Finished building: Coop.list
 

10:18:00 Build Finished. 0 errors, 0 warnings. (took 2s.997ms)

