14:53:15 **** Incremental Build of configuration Debug for project Coop Scheduler ****
make -j12 all 
arm-none-eabi-gcc "../Core/Src/main.c" -mcpu=cortex-m3 -std=gnu11 -g3 -DDEBUG -DUSE_HAL_DRIVER -DSTM32F103x6 -c -I../Core/Inc -I../Drivers/STM32F1xx_HAL_Driver/Inc/Legacy -I../Drivers/STM32F1xx_HAL_Driver/Inc -I../Drivers/CMSIS/Device/ST/STM32F1xx/Include -I../Drivers/CMSIS/Include -O0 -ffunction-sections -fdata-sections -Wall -fstack-usage -MMD -MP -MF"Core/Src/main.d" -MT"Core/Src/main.o" --specs=nano.specs -mfloat-abi=soft -mthumb -o "Core/Src/main.o"
arm-none-eabi-gcc -o "Coop Scheduler.elf" @"objects.list"   -mcpu=cortex-m3 -T"C:\Users\Admin\Desktop\Coop Scheduler\STM32F103C6UX_FLASH.ld" --specs=nosys.specs -Wl,-Map="Coop Scheduler.map" -Wl,--gc-sections -static --specs=nano.specs -mfloat-abi=soft -mthumb -Wl,--start-group -lc -lm -Wl,--end-group
Finished building target: Coop Scheduler.elf
 
arm-none-eabi-size   Coop\ Scheduler.elf 
arm-none-eabi-objdump -h -S  Coop\ Scheduler.elf  > "Coop Scheduler.list"
arm-none-eabi-objcopy  -O ihex  Coop\ Scheduler.elf  "Coop Scheduler.hex"
arm-none-eabi-objcopy  -O binary  Coop\ Scheduler.elf  "Coop Scheduler.bin"
arm-none-eabi-objcopy  -O verilog  Coop\ Scheduler.elf  "Coop Scheduler.verilog"
   text	   data	    bss	    dec	    hex	filename
   8432	     20	   2604	  11056	   2b30	Coop Scheduler.elf
Finished building: default.size.stdout
 
Finished building: Coop Scheduler.bin
Finished building: Coop Scheduler.hex
Finished building: Coop Scheduler.verilog
 
 
 
Finished building: Coop Scheduler.list
 

14:53:16 Build Finished. 0 errors, 0 warnings. (took 912ms)

