19:41:46 **** Incremental Build of configuration Debug for project Ex5 ****
make -j12 all 
arm-none-eabi-gcc "../Core/Src/display.c" -mcpu=cortex-m3 -std=gnu11 -g3 -DDEBUG -DUSE_HAL_DRIVER -DSTM32F103x6 -c -I../Core/Inc -I../Drivers/STM32F1xx_HAL_Driver/Inc -I../Drivers/STM32F1xx_HAL_Driver/Inc/Legacy -I../Drivers/CMSIS/Device/ST/STM32F1xx/Include -I../Drivers/CMSIS/Include -O0 -ffunction-sections -fdata-sections -Wall -fstack-usage -MMD -MP -MF"Core/Src/display.d" -MT"Core/Src/display.o" --specs=nano.specs -mfloat-abi=soft -mthumb -o "Core/Src/display.o"
arm-none-eabi-gcc "../Core/Src/main.c" -mcpu=cortex-m3 -std=gnu11 -g3 -DDEBUG -DUSE_HAL_DRIVER -DSTM32F103x6 -c -I../Core/Inc -I../Drivers/STM32F1xx_HAL_Driver/Inc -I../Drivers/STM32F1xx_HAL_Driver/Inc/Legacy -I../Drivers/CMSIS/Device/ST/STM32F1xx/Include -I../Drivers/CMSIS/Include -O0 -ffunction-sections -fdata-sections -Wall -fstack-usage -MMD -MP -MF"Core/Src/main.d" -MT"Core/Src/main.o" --specs=nano.specs -mfloat-abi=soft -mthumb -o "Core/Src/main.o"
arm-none-eabi-gcc -o "Ex5.elf" @"objects.list"   -mcpu=cortex-m3 -T"C:\Users\Admin\Desktop\A\Lab 2\Ex 5\STM32F103C6UX_FLASH.ld" --specs=nosys.specs -Wl,-Map="Ex5.map" -Wl,--gc-sections -static --specs=nano.specs -mfloat-abi=soft -mthumb -Wl,--start-group -lc -lm -Wl,--end-group
Finished building target: Ex5.elf
 
arm-none-eabi-size   Ex5.elf 
arm-none-eabi-objdump -h -S  Ex5.elf  > "Ex5.list"
arm-none-eabi-objcopy  -O ihex  Ex5.elf  "Ex5.hex"
   text	   data	    bss	    dec	    hex	filename
   7828	     52	   1652	   9532	   253c	Ex5.elf
Finished building: default.size.stdout
 
Finished building: Ex5.hex
Finished building: Ex5.list
 
 

19:41:46 Build Finished. 0 errors, 0 warnings. (took 947ms)

