10:53:39 **** Incremental Build of configuration Debug for project Midterm_Project ****
make -j12 all 
arm-none-eabi-gcc "../Core/Src/main.c" -mcpu=cortex-m3 -std=gnu11 -g3 -DDEBUG -DUSE_HAL_DRIVER -DSTM32F103x6 -c -I../Core/Inc -I../Drivers/STM32F1xx_HAL_Driver/Inc -I../Drivers/STM32F1xx_HAL_Driver/Inc/Legacy -I../Drivers/CMSIS/Device/ST/STM32F1xx/Include -I../Drivers/CMSIS/Include -O0 -ffunction-sections -fdata-sections -Wall -fstack-usage -MMD -MP -MF"Core/Src/main.d" -MT"Core/Src/main.o" --specs=nano.specs -mfloat-abi=soft -mthumb -o "Core/Src/main.o"
arm-none-eabi-gcc -o "Midterm_Project.elf" @"objects.list"   -mcpu=cortex-m3 -T"C:\Users\Admin\Desktop\MCU_Midterm\MCU-Midterm\STM Project\STM32F103C6UX_FLASH.ld" --specs=nosys.specs -Wl,-Map="Midterm_Project.map" -Wl,--gc-sections -static --specs=nano.specs -mfloat-abi=soft -mthumb -Wl,--start-group -lc -lm -Wl,--end-group
Finished building target: Midterm_Project.elf
 
arm-none-eabi-size   Midterm_Project.elf 
arm-none-eabi-objdump -h -S  Midterm_Project.elf  > "Midterm_Project.list"
arm-none-eabi-objcopy  -O ihex  Midterm_Project.elf  "Midterm_Project.hex"
arm-none-eabi-objcopy  -O binary  Midterm_Project.elf  "Midterm_Project.bin"
   text	   data	    bss	    dec	    hex	filename
   7028	     20	   1652	   8700	   21fc	Midterm_Project.elf
Finished building: default.size.stdout
 
Finished building: Midterm_Project.bin
Finished building: Midterm_Project.hex
 
Finished building: Midterm_Project.list
 
 

10:53:40 Build Finished. 0 errors, 0 warnings. (took 1s.367ms)

