16:29:01 **** Incremental Build of configuration Debug for project STM_Ex2 ****
make -j12 all 
arm-none-eabi-gcc "../Core/Src/main.c" -mcpu=cortex-m3 -std=gnu11 -g3 -DDEBUG -DUSE_HAL_DRIVER -DSTM32F103x6 -c -I../Core/Inc -I../Drivers/STM32F1xx_HAL_Driver/Inc -I../Drivers/STM32F1xx_HAL_Driver/Inc/Legacy -I../Drivers/CMSIS/Device/ST/STM32F1xx/Include -I../Drivers/CMSIS/Include -O0 -ffunction-sections -fdata-sections -Wall -fstack-usage -MMD -MP -MF"Core/Src/main.d" -MT"Core/Src/main.o" --specs=nano.specs -mfloat-abi=soft -mthumb -o "Core/Src/main.o"
arm-none-eabi-gcc -o "STM_Ex2.elf" @"objects.list"   -mcpu=cortex-m3 -T"C:\Users\Admin\Desktop\A\Lab 2\Ex 2\STM32F103C6UX_FLASH.ld" --specs=nosys.specs -Wl,-Map="STM_Ex2.map" -Wl,--gc-sections -static --specs=nano.specs -mfloat-abi=soft -mthumb -Wl,--start-group -lc -lm -Wl,--end-group
Finished building target: STM_Ex2.elf
 
arm-none-eabi-size   STM_Ex2.elf 
arm-none-eabi-objdump -h -S  STM_Ex2.elf  > "STM_Ex2.list"
arm-none-eabi-objcopy  -O ihex  STM_Ex2.elf  "STM_Ex2.hex"
arm-none-eabi-objcopy  -O binary  STM_Ex2.elf  "STM_Ex2.bin"
   text	   data	    bss	    dec	    hex	filename
   8100	     20	   1652	   9772	   262c	STM_Ex2.elf
Finished building: default.size.stdout
 
Finished building: STM_Ex2.list
Finished building: STM_Ex2.hex
Finished building: STM_Ex2.bin
 
 
 

16:29:02 Build Finished. 0 errors, 0 warnings. (took 1s.134ms)

